
Discarded input sections

 .text          0x00000000        0x0 ..\obj\startup_stm32f10x_md_vl.o
 .data          0x00000000        0x0 ..\obj\startup_stm32f10x_md_vl.o
 .bss           0x00000000        0x0 ..\obj\startup_stm32f10x_md_vl.o
 .text          0x00000000        0x0 ..\obj\system_stm32f10x.o
 .data          0x00000000       0x14 ..\obj\system_stm32f10x.o
 .bss           0x00000000        0x0 ..\obj\system_stm32f10x.o
 .text.SystemCoreClockUpdate
                0x00000000       0xd4 ..\obj\system_stm32f10x.o
 .text          0x00000000        0x0 ..\obj\stm32f10x_gpio.o
 .data          0x00000000        0x0 ..\obj\stm32f10x_gpio.o
 .bss           0x00000000        0x0 ..\obj\stm32f10x_gpio.o
 .text.GPIO_DeInit
                0x00000000       0xe4 ..\obj\stm32f10x_gpio.o
 .text.GPIO_AFIODeInit
                0x00000000       0x18 ..\obj\stm32f10x_gpio.o
 .text.GPIO_StructInit
                0x00000000       0x26 ..\obj\stm32f10x_gpio.o
 .text.GPIO_ReadInputData
                0x00000000       0x18 ..\obj\stm32f10x_gpio.o
 .text.GPIO_ReadOutputDataBit
                0x00000000       0x32 ..\obj\stm32f10x_gpio.o
 .text.GPIO_ReadOutputData
                0x00000000       0x18 ..\obj\stm32f10x_gpio.o
 .text.GPIO_WriteBit
                0x00000000       0x2e ..\obj\stm32f10x_gpio.o
 .text.GPIO_Write
                0x00000000       0x1c ..\obj\stm32f10x_gpio.o
 .text.GPIO_PinLockConfig
                0x00000000       0x42 ..\obj\stm32f10x_gpio.o
 .text.GPIO_EventOutputConfig
                0x00000000       0x4c ..\obj\stm32f10x_gpio.o
 .text.GPIO_EventOutputCmd
                0x00000000       0x20 ..\obj\stm32f10x_gpio.o
 .text.GPIO_PinRemapConfig
                0x00000000       0xe0 ..\obj\stm32f10x_gpio.o
 .text.GPIO_EXTILineConfig
                0x00000000       0x80 ..\obj\stm32f10x_gpio.o
 .text.GPIO_ETH_MediaInterfaceConfig
                0x00000000       0x1c ..\obj\stm32f10x_gpio.o
 .text          0x00000000        0x0 ..\obj\main.o
 .data          0x00000000        0x0 ..\obj\main.o
 .bss           0x00000000        0x0 ..\obj\main.o
 .text          0x00000000        0x0 ..\obj\stm32f10x_rcc.o
 .data          0x00000000       0x14 ..\obj\stm32f10x_rcc.o
 .bss           0x00000000        0x0 ..\obj\stm32f10x_rcc.o
 .text.RCC_DeInit
                0x00000000       0x64 ..\obj\stm32f10x_rcc.o
 .text.RCC_HSEConfig
                0x00000000       0x5c ..\obj\stm32f10x_rcc.o
 .text.RCC_WaitForHSEStartUp
                0x00000000       0x50 ..\obj\stm32f10x_rcc.o
 .text.RCC_AdjustHSICalibrationValue
                0x00000000       0x3c ..\obj\stm32f10x_rcc.o
 .text.RCC_HSICmd
                0x00000000       0x20 ..\obj\stm32f10x_rcc.o
 .text.RCC_PLLConfig
                0x00000000       0x3c ..\obj\stm32f10x_rcc.o
 .text.RCC_PLLCmd
                0x00000000       0x20 ..\obj\stm32f10x_rcc.o
 .text.RCC_PREDIV1Config
                0x00000000       0x40 ..\obj\stm32f10x_rcc.o
 .text.RCC_SYSCLKConfig
                0x00000000       0x38 ..\obj\stm32f10x_rcc.o
 .text.RCC_GetSYSCLKSource
                0x00000000       0x1c ..\obj\stm32f10x_rcc.o
 .text.RCC_HCLKConfig
                0x00000000       0x38 ..\obj\stm32f10x_rcc.o
 .text.RCC_PCLK1Config
                0x00000000       0x38 ..\obj\stm32f10x_rcc.o
 .text.RCC_PCLK2Config
                0x00000000       0x38 ..\obj\stm32f10x_rcc.o
 .text.RCC_ITConfig
                0x00000000       0x4c ..\obj\stm32f10x_rcc.o
 .text.RCC_USBCLKConfig
                0x00000000       0x1c ..\obj\stm32f10x_rcc.o
 .text.RCC_ADCCLKConfig
                0x00000000       0x38 ..\obj\stm32f10x_rcc.o
 .text.RCC_LSEConfig
                0x00000000       0x40 ..\obj\stm32f10x_rcc.o
 .text.RCC_LSICmd
                0x00000000       0x20 ..\obj\stm32f10x_rcc.o
 .text.RCC_RTCCLKConfig
                0x00000000       0x24 ..\obj\stm32f10x_rcc.o
 .text.RCC_RTCCLKCmd
                0x00000000       0x20 ..\obj\stm32f10x_rcc.o
 .text.RCC_GetClocksFreq
                0x00000000      0x15c ..\obj\stm32f10x_rcc.o
 .text.RCC_AHBPeriphClockCmd
                0x00000000       0x3c ..\obj\stm32f10x_rcc.o
 .text.RCC_APB1PeriphClockCmd
                0x00000000       0x3c ..\obj\stm32f10x_rcc.o
 .text.RCC_APB2PeriphResetCmd
                0x00000000       0x3c ..\obj\stm32f10x_rcc.o
 .text.RCC_APB1PeriphResetCmd
                0x00000000       0x3c ..\obj\stm32f10x_rcc.o
 .text.RCC_BackupResetCmd
                0x00000000       0x20 ..\obj\stm32f10x_rcc.o
 .text.RCC_ClockSecuritySystemCmd
                0x00000000       0x20 ..\obj\stm32f10x_rcc.o
 .text.RCC_MCOConfig
                0x00000000       0x20 ..\obj\stm32f10x_rcc.o
 .text.RCC_GetFlagStatus
                0x00000000       0x74 ..\obj\stm32f10x_rcc.o
 .text.RCC_ClearFlag
                0x00000000       0x1c ..\obj\stm32f10x_rcc.o
 .text.RCC_GetITStatus
                0x00000000       0x34 ..\obj\stm32f10x_rcc.o
 .text.RCC_ClearITPendingBit
                0x00000000       0x20 ..\obj\stm32f10x_rcc.o
 .text          0x00000000        0x0 ..\obj\syscalls.o
 .data          0x00000000        0x0 ..\obj\syscalls.o
 .bss           0x00000000        0x4 ..\obj\syscalls.o
 .text._sbrk    0x00000000       0x3c ..\obj\syscalls.o
 .text.link     0x00000000       0x18 ..\obj\syscalls.o
 .text._close   0x00000000       0x16 ..\obj\syscalls.o
 .text._fstat   0x00000000       0x1e ..\obj\syscalls.o
 .text._isatty  0x00000000       0x14 ..\obj\syscalls.o
 .text._lseek   0x00000000       0x18 ..\obj\syscalls.o
 .text._read    0x00000000       0x18 ..\obj\syscalls.o
 .text._write   0x00000000       0x18 ..\obj\syscalls.o
 .text.abort    0x00000000        0x6 ..\obj\syscalls.o
 .debug_info    0x00000000      0xc98 ..\obj\syscalls.o
 .debug_abbrev  0x00000000      0x20d ..\obj\syscalls.o
 .debug_aranges
                0x00000000       0x60 ..\obj\syscalls.o
 .debug_ranges  0x00000000       0x50 ..\obj\syscalls.o
 .debug_line    0x00000000      0x2bd ..\obj\syscalls.o
 .debug_str     0x00000000      0x711 ..\obj\syscalls.o
 .comment       0x00000000       0x7f ..\obj\syscalls.o
 .debug_frame   0x00000000      0x168 ..\obj\syscalls.o
 .ARM.attributes
                0x00000000       0x33 ..\obj\syscalls.o

Memory Configuration

Name             Origin             Length             Attributes
rom              0x08000000         0x00020000         xr
ram              0x20000000         0x00002000         xrw
*default*        0x00000000         0xffffffff

Linker script and memory map

                0x20002000                _eram = 0x20002000

.text           0x08000000      0x5f0
 *(.isr_vector)
 .isr_vector    0x08000000      0x124 ..\obj\startup_stm32f10x_md_vl.o
                0x08000000                g_pfnVectors
 *(.text*)
 .text.Default_Reset_Handler
                0x08000124       0x60 ..\obj\startup_stm32f10x_md_vl.o
                0x08000124                Default_Reset_Handler
                0x08000124                Reset_Handler
 .text.Default_Handler
                0x08000184        0x6 ..\obj\startup_stm32f10x_md_vl.o
                0x08000184                EXTI2_IRQHandler
                0x08000184                DebugMon_Handler
                0x08000184                TIM1_CC_IRQHandler
                0x08000184                HardFault_Handler
                0x08000184                SysTick_Handler
                0x08000184                PVD_IRQHandler
                0x08000184                PendSV_Handler
                0x08000184                NMI_Handler
                0x08000184                EXTI3_IRQHandler
                0x08000184                EXTI0_IRQHandler
                0x08000184                I2C2_EV_IRQHandler
                0x08000184                TIM1_UP_TIM16_IRQHandler
                0x08000184                UsageFault_Handler
                0x08000184                SPI1_IRQHandler
                0x08000184                TAMPER_IRQHandler
                0x08000184                TIM6_DAC_IRQHandler
                0x08000184                DMA1_Channel4_IRQHandler
                0x08000184                ADC1_IRQHandler
                0x08000184                USART3_IRQHandler
                0x08000184                RTC_IRQHandler
                0x08000184                DMA1_Channel7_IRQHandler
                0x08000184                TIM4_IRQHandler
                0x08000184                I2C1_EV_IRQHandler
                0x08000184                DMA1_Channel6_IRQHandler
                0x08000184                TIM3_IRQHandler
                0x08000184                RCC_IRQHandler
                0x08000184                DMA1_Channel1_IRQHandler
                0x08000184                CEC_IRQHandler
                0x08000184                EXTI15_10_IRQHandler
                0x08000184                TIM7_IRQHandler
                0x08000184                EXTI9_5_IRQHandler
                0x08000184                SPI2_IRQHandler
                0x08000184                MemManage_Handler
                0x08000184                SVC_Handler
                0x08000184                DMA1_Channel5_IRQHandler
                0x08000184                EXTI4_IRQHandler
                0x08000184                TIM1_TRG_COM_TIM17_IRQHandler
                0x08000184                DMA1_Channel3_IRQHandler
                0x08000184                WWDG_IRQHandler
                0x08000184                TIM2_IRQHandler
                0x08000184                EXTI1_IRQHandler
                0x08000184                RTCAlarm_IRQHandler
                0x08000184                USART2_IRQHandler
                0x08000184                I2C2_ER_IRQHandler
                0x08000184                DMA1_Channel2_IRQHandler
                0x08000184                FLASH_IRQHandler
                0x08000184                BusFault_Handler
                0x08000184                USART1_IRQHandler
                0x08000184                I2C1_ER_IRQHandler
                0x08000184                TIM1_BRK_TIM15_IRQHandler
 *fill*         0x0800018a        0x2 
 .text.SystemInit
                0x0800018c       0x70 ..\obj\system_stm32f10x.o
                0x0800018c                SystemInit
 .text.SetSysClock
                0x080001fc        0xc ..\obj\system_stm32f10x.o
 .text.SetSysClockTo24
                0x08000208       0xd4 ..\obj\system_stm32f10x.o
 .text.GPIO_Init
                0x080002dc      0x178 ..\obj\stm32f10x_gpio.o
                0x080002dc                GPIO_Init
 .text.GPIO_ReadInputDataBit
                0x08000454       0x32 ..\obj\stm32f10x_gpio.o
                0x08000454                GPIO_ReadInputDataBit
 .text.GPIO_SetBits
                0x08000486       0x1c ..\obj\stm32f10x_gpio.o
                0x08000486                GPIO_SetBits
 .text.GPIO_ResetBits
                0x080004a2       0x1c ..\obj\stm32f10x_gpio.o
                0x080004a2                GPIO_ResetBits
 *fill*         0x080004be        0x2 
 .text.main     0x080004c0       0xf4 ..\obj\main.o
                0x080004c0                main
 .text.RCC_APB2PeriphClockCmd
                0x080005b4       0x3c ..\obj\stm32f10x_rcc.o
                0x080005b4                RCC_APB2PeriphClockCmd
 *(.init)
 *(.fini)
 *crtbegin.o(.ctors)
 *crtbegin?.o(.ctors)
 *(EXCLUDE_FILE(*crtend.o *crtend?.o) .ctors)
 *(SORT_BY_NAME(.ctors.*))
 *(.ctors)
 *crtbegin.o(.dtors)
 *crtbegin?.o(.dtors)
 *(EXCLUDE_FILE(*crtend.o *crtend?.o) .dtors)
 *(SORT_BY_NAME(.dtors.*))
 *(.dtors)
 *(.rodata*)
 *(.eh_fram e*)

.glue_7         0x080005f0        0x0
 .glue_7        0x080005f0        0x0 linker stubs

.glue_7t        0x080005f0        0x0
 .glue_7t       0x080005f0        0x0 linker stubs

.vfp11_veneer   0x080005f0        0x0
 .vfp11_veneer  0x080005f0        0x0 linker stubs

.v4_bx          0x080005f0        0x0
 .v4_bx         0x080005f0        0x0 linker stubs

.iplt           0x080005f0        0x0
 .iplt          0x080005f0        0x0 ..\obj\startup_stm32f10x_md_vl.o

.rel.dyn        0x080005f0        0x0
 .rel.iplt      0x080005f0        0x0 ..\obj\startup_stm32f10x_md_vl.o

.ARM.extab
 *(.ARM.extab* .gnu.linkonce.armextab.*)
                0x080005f0                __exidx_start = .

.ARM.exidx
 *(.ARM.exidx* .gnu.linkonce.armexidx.*)
                0x080005f0                __exidx_end = .
                0x080005f0                __etext = .
                0x080005f0                _sidata = __etext

.data           0x20000000        0x0 load address 0x080005f0
                0x20000000                __data_start__ = .
                0x20000000                _sdata = __data_start__
 *(vtable)
 *(.data*)
                0x20000000                . = ALIGN (0x4)
                [!provide]                PROVIDE (__preinit_array_start, .)
 *(.preinit_array)
                [!provide]                PROVIDE (__preinit_array_end, .)
                0x20000000                . = ALIGN (0x4)
                [!provide]                PROVIDE (__init_array_start, .)
 *(SORT_BY_NAME(.init_array.*))
 *(.init_array)
                [!provide]                PROVIDE (__init_array_end, .)
                0x20000000                . = ALIGN (0x4)
                [!provide]                PROVIDE (__fini_array_start, .)
 *(SORT_BY_NAME(.fini_array.*))
 *(.fini_array)
                [!provide]                PROVIDE (__fini_array_end, .)
 *(.jcr*)
                0x20000000                . = ALIGN (0x4)
                0x20000000                __data_end__ = .
                0x20000000                _edata = __data_end__

.igot.plt       0x20000000        0x0
 .igot.plt      0x20000000        0x0 ..\obj\startup_stm32f10x_md_vl.o

.bss            0x20000000        0x0
                0x20000000                . = ALIGN (0x4)
                0x20000000                __bss_start__ = .
                0x20000000                _sbss = __bss_start__
 *(.bss*)
 *(COMMON)
                0x20000000                . = ALIGN (0x4)
                0x20000000                __bss_end__ = .
                0x20000000                _ebss = __bss_end__

.heap           0x20000000        0x0
                0x20000000                __end__ = .
                0x20000000                _end = __end__
                0x20000000                end = __end__
 *(.heap*)
                0x20000000                __HeapLimit = .

.co_stack       0x20000000      0x400
                0x20000000                . = ALIGN (0x8)
 *(.co_stack .co_stack.*)
 .co_stack      0x20000000      0x400 ..\obj\startup_stm32f10x_md_vl.o
                0x20000000                pulStack
                0x20002000                __StackTop = (ORIGIN (ram) + LENGTH (ram))
                0x20001c00                __StackLimit = (__StackTop - SIZEOF (.co_stack))
                [!provide]                PROVIDE (__stack, __StackTop)
                0x00000001                ASSERT ((__StackLimit >= __HeapLimit), region ram  overflowed with stack)
LOAD ..\obj\startup_stm32f10x_md_vl.o
LOAD ..\obj\system_stm32f10x.o
LOAD ..\obj\stm32f10x_gpio.o
LOAD ..\obj\main.o
LOAD ..\obj\stm32f10x_rcc.o
LOAD ..\obj\syscalls.o
START GROUP
LOAD c:/program files/gnu tools arm embedded/7 2017-q4-major/bin/../lib/gcc/arm-none-eabi/7.2.1/thumb/v7-m\libgcc.a
LOAD c:/program files/gnu tools arm embedded/7 2017-q4-major/bin/../lib/gcc/arm-none-eabi/7.2.1/../../../../arm-none-eabi/lib/thumb/v7-m\libg.a
LOAD c:/program files/gnu tools arm embedded/7 2017-q4-major/bin/../lib/gcc/arm-none-eabi/7.2.1/../../../../arm-none-eabi/lib/thumb/v7-m\libc.a
END GROUP
OUTPUT(qwerty.elf elf32-littlearm)

.debug_info     0x00000000     0x17da
 .debug_info    0x00000000      0x10f ..\obj\startup_stm32f10x_md_vl.o
 .debug_info    0x0000010f      0x442 ..\obj\system_stm32f10x.o
 .debug_info    0x00000551      0x6fe ..\obj\stm32f10x_gpio.o
 .debug_info    0x00000c4f      0x270 ..\obj\main.o
 .debug_info    0x00000ebf      0x91b ..\obj\stm32f10x_rcc.o

.debug_abbrev   0x00000000      0x712
 .debug_abbrev  0x00000000       0xb8 ..\obj\startup_stm32f10x_md_vl.o
 .debug_abbrev  0x000000b8      0x170 ..\obj\system_stm32f10x.o
 .debug_abbrev  0x00000228      0x1e1 ..\obj\stm32f10x_gpio.o
 .debug_abbrev  0x00000409      0x138 ..\obj\main.o
 .debug_abbrev  0x00000541      0x1d1 ..\obj\stm32f10x_rcc.o

.debug_aranges  0x00000000      0x248
 .debug_aranges
                0x00000000       0x28 ..\obj\startup_stm32f10x_md_vl.o
 .debug_aranges
                0x00000028       0x38 ..\obj\system_stm32f10x.o
 .debug_aranges
                0x00000060       0xa8 ..\obj\stm32f10x_gpio.o
 .debug_aranges
                0x00000108       0x20 ..\obj\main.o
 .debug_aranges
                0x00000128      0x120 ..\obj\stm32f10x_rcc.o

.debug_ranges   0x00000000      0x1f8
 .debug_ranges  0x00000000       0x18 ..\obj\startup_stm32f10x_md_vl.o
 .debug_ranges  0x00000018       0x28 ..\obj\system_stm32f10x.o
 .debug_ranges  0x00000040       0x98 ..\obj\stm32f10x_gpio.o
 .debug_ranges  0x000000d8       0x10 ..\obj\main.o
 .debug_ranges  0x000000e8      0x110 ..\obj\stm32f10x_rcc.o

.debug_line     0x00000000      0xd8a
 .debug_line    0x00000000       0xa1 ..\obj\startup_stm32f10x_md_vl.o
 .debug_line    0x000000a1      0x229 ..\obj\system_stm32f10x.o
 .debug_line    0x000002ca      0x3d8 ..\obj\stm32f10x_gpio.o
 .debug_line    0x000006a2      0x205 ..\obj\main.o
 .debug_line    0x000008a7      0x4e3 ..\obj\stm32f10x_rcc.o

.debug_str      0x00000000      0xb68
 .debug_str     0x00000000      0x16f ..\obj\startup_stm32f10x_md_vl.o
                                0x18e (size before relaxing)
 .debug_str     0x0000016f      0x1ef ..\obj\system_stm32f10x.o
                                0x307 (size before relaxing)
 .debug_str     0x0000035e      0x3b1 ..\obj\stm32f10x_gpio.o
                                0x556 (size before relaxing)
 .debug_str     0x0000070f       0x40 ..\obj\main.o
                                0x2f5 (size before relaxing)
 .debug_str     0x0000074f      0x419 ..\obj\stm32f10x_rcc.o
                                0x6aa (size before relaxing)

.comment        0x00000000       0x7e
 .comment       0x00000000       0x7e ..\obj\startup_stm32f10x_md_vl.o
                                 0x7f (size before relaxing)
 .comment       0x0000007e       0x7f ..\obj\system_stm32f10x.o
 .comment       0x0000007e       0x7f ..\obj\stm32f10x_gpio.o
 .comment       0x0000007e       0x7f ..\obj\main.o
 .comment       0x0000007e       0x7f ..\obj\stm32f10x_rcc.o

.ARM.attributes
                0x00000000       0x33
 .ARM.attributes
                0x00000000       0x33 ..\obj\startup_stm32f10x_md_vl.o
 .ARM.attributes
                0x00000033       0x33 ..\obj\system_stm32f10x.o
 .ARM.attributes
                0x00000066       0x33 ..\obj\stm32f10x_gpio.o
 .ARM.attributes
                0x00000099       0x33 ..\obj\main.o
 .ARM.attributes
                0x000000cc       0x33 ..\obj\stm32f10x_rcc.o

.debug_frame    0x00000000      0x900
 .debug_frame   0x00000000       0x4c ..\obj\startup_stm32f10x_md_vl.o
 .debug_frame   0x0000004c       0x98 ..\obj\system_stm32f10x.o
 .debug_frame   0x000000e4      0x2d0 ..\obj\stm32f10x_gpio.o
 .debug_frame   0x000003b4       0x30 ..\obj\main.o
 .debug_frame   0x000003e4      0x51c ..\obj\stm32f10x_rcc.o
